// Jest Snapshot v1, https://goo.gl/fbAQLP

exports[`alchemy stepper element should be able to render form element and functional children 1`] = `
<body>
  <div>
    <form>
      <div
        id="stepper-cl-0-tab"
      >
        <h1>
          Hello
        </h1>
      </div>
      <div
        id="stepper-cl-0-tab"
      >
        <h1>
          world
        </h1>
      </div>
    </form>
    <div
      id="stapper-cl-0-actions"
    >
      <button
        class="elevation-200 border-small radius-large"
        id="arcane-standard-button"
      >
        Back
      </button>
      <button
        class="elevation-200 border-small radius-large"
        id="arcane-standard-button"
      >
        Next
      </button>
    </div>
  </div>
</body>
`;
